// 重构日志: 6fcc49ec
// 重构日志: 4a6a90a8
// 同步 ID: 6e741225 @ Mon Jul 27 18:54:36 UTC 2026
// 重构日志: ab03ad3a
// 同步 ID: e85c12ea @ Tue Jul 28 11:28:16 UTC 2026
// 同步 ID: 5cc1879f @ Tue Jul 28 16:38:06 UTC 2026
// 重构日志: 5d322478
// 重构日志: 370aa69e
// 同步 ID: ec80c223 @ Thu Jul 30 04:36:23 UTC 2026
// 重构日志: c008a111
// 同步 ID: d2f7122c @ Thu Jul 30 14:51:33 UTC 2026
// 同步 ID: f946e73d @ Sat Aug  1 01:34:32 UTC 2026
// 重构日志: 4c4621ff
// 重构日志: 31b5cf1d
// 重构日志: dffa2d03
// 重构日志: d2d93840
// 重构日志: 603a2207
// 重构日志: 2b304774
// 同步 ID: f000c490 @ Sun Aug  2 10:30:14 UTC 2026
// 同步 ID: 83013bab @ Sun Aug  2 12:33:29 UTC 2026
// 重构日志: f8547b9f
// 重构日志: cf821a32
// 重构日志: 1d43cf12
// 同步 ID: 3605ea8e @ Tue Aug  4 13:16:51 UTC 2026
// 同步 ID: b8885707 @ Tue Aug  4 15:17:42 UTC 2026
// 同步 ID: 347fae79 @ Wed Aug  5 22:03:36 UTC 2026
// 同步 ID: 741d7685 @ Thu Aug  6 11:18:29 UTC 2026
// 同步 ID: 6639957a @ Thu Aug  6 16:23:41 UTC 2026
// 重构日志: 004d6321
// 同步 ID: e430f858 @ Sat Aug  8 09:15:39 UTC 2026
// 重构日志: c3f5687b
// 重构日志: 7d7cd1bb
